✓ Initialized. View run at 
https://modal.com/apps/mantissagithub/main/ap-UXMeaVouMV9frdXXVntS1t
Building image im-HKJuOy8OPrOvwXamYN7mhc

=> Step 0: FROM base

=> Step 1: RUN python -m pip install accelerate datasets math_verify torch transformers
Looking in indexes: http://pypi-mirror.modal.local:5555/simple
Collecting accelerate
  Downloading http://pypi-mirror.modal.local:5555/simple/accelerate/accelerate-1.14.0-py3-none-any.whl.metadata (19 kB)
Collecting datasets
  Downloading http://pypi-mirror.modal.local:5555/simple/datasets/datasets-5.0.1-py3-none-any.whl.metadata (23 kB)
Collecting math_verify
  Downloading http://pypi-mirror.modal.local:5555/simple/math-verify/math_verify-0.9.0-py3-none-any.whl.metadata (1.6 kB)
Collecting torch
  Downloading http://pypi-mirror.modal.local:5555/simple/torch/torch-2.13.0-cp311-cp311-manylinux_2_28_x86_64.whl.metadata (38 kB)
Collecting transformers
  Downloading http://pypi-mirror.modal.local:5555/simple/transformers/transformers-5.15.0-py3-none-any.whl.metadata (32 kB)
Collecting numpy>=1.17 (from accelerate)
  Downloading http://pypi-mirror.modal.local:5555/simple/numpy/numpy-2.4.6-cp311-cp311-manylinux_2_27_x86_64.manylinux_2_28_x86_64.whl.metadata (6.6 kB)
Collecting packaging>=20.0 (from accelerate)
  Downloading http://pypi-mirror.modal.local:5555/simple/packaging/packaging-26.3-py3-none-any.whl.metadata (3.5 kB)
Collecting psutil (from accelerate)
  Downloading http://pypi-mirror.modal.local:5555/simple/psutil/psutil-7.2.2-cp36-abi3-manylinux2010_x86_64.manylinux_2_12_x86_64.manylinux_2_28_x86_64.whl.metadata (22 kB)
Collecting pyyaml (from accelerate)
  Downloading http://pypi-mirror.modal.local:5555/simple/pyyaml/pyyaml-6.0.3-cp311-cp311-manylinux2014_x86_64.manylinux_2_17_x86_64.manylinux_2_28_x86_64.whl.metadata (2.4 kB)
Collecting huggingface_hub>=0.21.0 (from accelerate)
  Downloading http://pypi-mirror.modal.local:5555/simple/huggingface-hub/huggingface_hub-1.27.0-py3-none-any.whl.metadata (16 kB)
Collecting safetensors>=0.4.3 (from accelerate)
  Downloading http://pypi-mirror.modal.local:5555/simple/safetensors/safetensors-0.8.0-cp310-abi3-manylinux_2_17_x86_64.manylinux2014_x86_64.whl.metadata (4.2 kB)
Collecting filelock (from datasets)
  Downloading http://pypi-mirror.modal.local:5555/simple/filelock/filelock-3.32.2-py3-none-any.whl.metadata (2.0 kB)
Collecting pyarrow>=21.0.0 (from datasets)
  Downloading http://pypi-mirror.modal.local:5555/simple/pyarrow/pyarrow-25.0.1-cp311-cp311-manylinux_2_28_x86_64.whl.metadata (3.0 kB)
Collecting dill<0.4.2,>=0.3.0 (from datasets)
  Downloading http://pypi-mirror.modal.local:5555/simple/dill/dill-0.4.1-py3-none-any.whl.metadata (10 kB)
Collecting pandas (from datasets)
  Downloading http://pypi-mirror.modal.local:5555/simple/pandas/pandas-3.0.5-cp311-cp311-manylinux_2_24_x86_64.manylinux_2_28_x86_64.whl.metadata (79 kB)
Collecting requests>=2.32.2 (from datasets)
  Downloading http://pypi-mirror.modal.local:5555/simple/requests/requests-2.34.2-py3-none-any.whl.metadata (4.8 kB)
Collecting httpx<1.0.0 (from datasets)
  Downloading http://pypi-mirror.modal.local:5555/simple/httpx/httpx-0.28.1-py3-none-any.whl.metadata (7.1 kB)
Collecting tqdm>=4.66.3 (from datasets)
  Downloading http://pypi-mirror.modal.local:5555/simple/tqdm/tqdm-4.70.0-py3-none-any.whl.metadata (57 kB)
Collecting xxhash (from datasets)
  Downloading http://pypi-mirror.modal.local:5555/simple/xxhash/xxhash-3.8.1-cp311-cp311-manylinux2014_x86_64.manylinux_2_17_x86_64.manylinux_2_28_x86_64.whl.metadata (15 kB)
Collecting multiprocess<0.70.20 (from datasets)
  Downloading http://pypi-mirror.modal.local:5555/simple/multiprocess/multiprocess-0.70.19-py311-none-any.whl.metadata (7.5 kB)
Collecting fsspec<=2026.6.0,>=2023.1.0 (from fsspec[http]<=2026.6.0,>=2023.1.0->datasets)
  Downloading http://pypi-mirror.modal.local:5555/simple/fsspec/fsspec-2026.6.0-py3-none-any.whl.metadata (10 kB)
Collecting aiohttp!=4.0.0a0,!=4.0.0a1 (from fsspec[http]<=2026.6.0,>=2023.1.0->datasets)
  Downloading http://pypi-mirror.modal.local:5555/simple/aiohttp/aiohttp-3.14.3-cp311-cp311-manylinux2014_x86_64.manylinux_2_17_x86_64.manylinux_2_28_x86_64.whl.metadata (8.3 kB)
Collecting anyio (from httpx<1.0.0->datasets)
  Downloading http://pypi-mirror.modal.local:5555/simple/anyio/anyio-4.14.2-py3-none-any.whl.metadata (4.6 kB)
Collecting certifi (from httpx<1.0.0->datasets)
  Downloading http://pypi-mirror.modal.local:5555/simple/certifi/certifi-2026.7.22-py3-none-any.whl.metadata (2.5 kB)
Collecting httpcore==1.* (from httpx<1.0.0->datasets)
  Downloading http://pypi-mirror.modal.local:5555/simple/httpcore/httpcore-1.0.9-py3-none-any.whl.metadata (21 kB)
Collecting idna (from httpx<1.0.0->datasets)
  Downloading http://pypi-mirror.modal.local:5555/simple/idna/idna-3.18-py3-none-any.whl.metadata (6.1 kB)
Collecting h11>=0.16 (from httpcore==1.*->httpx<1.0.0->datasets)
  Downloading http://pypi-mirror.modal.local:5555/simple/h11/h11-0.16.0-py3-none-any.whl.metadata (8.3 kB)
Collecting click<9.0.0,>=8.4.2 (from huggingface_hub>=0.21.0->accelerate)
  Downloading http://pypi-mirror.modal.local:5555/simple/click/click-8.4.2-py3-none-any.whl.metadata (2.6 kB)
Collecting hf-xet<2.0.0,>=1.5.2 (from huggingface_hub>=0.21.0->accelerate)
  Downloading http://pypi-mirror.modal.local:5555/simple/hf-xet/hf_xet-1.6.0-cp38-abi3-manylinux2014_x86_64.manylinux_2_17_x86_64.whl.metadata (4.9 kB)
Collecting typing-extensions>=4.1.0 (from huggingface_hub>=0.21.0->accelerate)
  Downloading http://pypi-mirror.modal.local:5555/simple/typing-extensions/typing_extensions-4.16.0-py3-none-any.whl.metadata (3.3 kB)
Collecting latex2sympy2_extended==1.11.0 (from math_verify)
  Downloading http://pypi-mirror.modal.local:5555/simple/latex2sympy2-extended/latex2sympy2_extended-1.11.0-py3-none-any.whl.metadata (5.3 kB)
Collecting sympy (from latex2sympy2_extended==1.11.0->math_verify)
  Downloading http://pypi-mirror.modal.local:5555/simple/sympy/sympy-1.14.0-py3-none-any.whl.metadata (12 kB)
Collecting antlr4-python3-runtime<=4.13.2,>=4.9.3 (from latex2sympy2_extended==1.11.0->math_verify)
  Downloading http://pypi-mirror.modal.local:5555/simple/antlr4-python3-runtime/antlr4_python3_runtime-4.13.2-py3-none-any.whl.metadata (304 bytes)
Collecting setuptools>=77.0.3 (from torch)
  Downloading http://pypi-mirror.modal.local:5555/simple/setuptools/setuptools-84.0.0-py3-none-any.whl.metadata (6.6 kB)
Collecting networkx>=2.5.1 (from torch)
  Downloading http://pypi-mirror.modal.local:5555/simple/networkx/networkx-3.6.1-py3-none-any.whl.metadata (6.8 kB)
Collecting jinja2 (from torch)
  Downloading http://pypi-mirror.modal.local:5555/simple/jinja2/jinja2-3.1.6-py3-none-any.whl.metadata (2.9 kB)
Collecting cuda-toolkit==13.0.3 (from cuda-toolkit[cublas,cudart,cufft,cufile,cupti,curand,cusolver,cusparse,nvjitlink,nvrtc,nvtx]==13.0.3; platform_system == "Linux"->torch)
  Downloading http://pypi-mirror.modal.local:5555/simple/cuda-toolkit/cuda_toolkit-13.0.3.0-py2.py3-none-any.whl.metadata (17 kB)
Collecting cuda-bindings<14,>=13.0.3 (from torch)
  Downloading http://pypi-mirror.modal.local:5555/simple/cuda-bindings/cuda_bindings-13.3.1-cp311-cp311-manylinux_2_24_x86_64.manylinux_2_28_x86_64.whl.metadata (2.5 kB)
Collecting nvidia-cudnn-cu13==9.20.0.48 (from torch)
  Downloading http://pypi-mirror.modal.local:5555/simple/nvidia-cudnn-cu13/nvidia_cudnn_cu13-9.20.0.48-py3-none-manylinux_2_27_x86_64.whl.metadata (1.9 kB)
Collecting nvidia-cusparselt-cu13==0.8.1 (from torch)
  Downloading http://pypi-mirror.modal.local:5555/simple/nvidia-cusparselt-cu13/nvidia_cusparselt_cu13-0.8.1-py3-none-manylinux2014_x86_64.whl.metadata (12 kB)
Collecting nvidia-nccl-cu13==2.29.7 (from torch)
  Downloading http://pypi-mirror.modal.local:5555/simple/nvidia-nccl-cu13/nvidia_nccl_cu13-2.29.7-py3-none-manylinux_2_18_x86_64.whl.metadata (2.1 kB)
Collecting nvidia-nvshmem-cu13==3.4.5 (from torch)
  Downloading http://pypi-mirror.modal.local:5555/simple/nvidia-nvshmem-cu13/nvidia_nvshmem_cu13-3.4.5-py3-none-manylinux2014_x86_64.manylinux_2_17_x86_64.whl.metadata (2.1 kB)
Collecting triton==3.7.1 (from torch)
  Downloading http://pypi-mirror.modal.local:5555/simple/triton/triton-3.7.1-cp311-cp311-manylinux_2_27_x86_64.manylinux_2_28_x86_64.whl.metadata (1.7 kB)
Collecting nvidia-cublas==13.1.1.3.* (from cuda-toolkit[cublas,cudart,cufft,cufile,cupti,curand,cusolver,cusparse,nvjitlink,nvrtc,nvtx]==13.0.3; platform_system == "Linux"->torch)
  Downloading http://pypi-mirror.modal.local:5555/simple/nvidia-cublas/nvidia_cublas-13.1.1.3-py3-none-manylinux_2_27_x86_64.whl.metadata (1.8 kB)
Collecting nvidia-cuda-nvrtc==13.0.88.* (from cuda-toolkit[cublas,cudart,cufft,cufile,cupti,curand,cusolver,cusparse,nvjitlink,nvrtc,nvtx]==13.0.3; platform_system == "Linux"->torch)
  Downloading http://pypi-mirror.modal.local:5555/simple/nvidia-cuda-nvrtc/nvidia_cuda_nvrtc-13.0.88-py3-none-manylinux2010_x86_64.manylinux_2_12_x86_64.whl.metadata (1.7 kB)
Collecting nvidia-cuda-runtime==13.0.96.* (from cuda-toolkit[cublas,cudart,cufft,cufile,cupti,curand,cusolver,cusparse,nvjitlink,nvrtc,nvtx]==13.0.3; platform_system == "Linux"->torch)
  Downloading http://pypi-mirror.modal.local:5555/simple/nvidia-cuda-runtime/nvidia_cuda_runtime-13.0.96-py3-none-manylinux2014_x86_64.manylinux_2_17_x86_64.whl.metadata (1.7 kB)
Collecting nvidia-cufft==12.0.0.61.* (from cuda-toolkit[cublas,cudart,cufft,cufile,cupti,curand,cusolver,cusparse,nvjitlink,nvrtc,nvtx]==13.0.3; platform_system == "Linux"->torch)
  Downloading http://pypi-mirror.modal.local:5555/simple/nvidia-cufft/nvidia_cufft-12.0.0.61-py3-none-manylinux2014_x86_64.manylinux_2_17_x86_64.whl.metadata (1.8 kB)
Collecting nvidia-nvjitlink<14,>=13.0.88 (from cuda-toolkit[cublas,cudart,cufft,cufile,cupti,curand,cusolver,cusparse,nvjitlink,nvrtc,nvtx]==13.0.3; platform_system == "Linux"->torch)
  Downloading http://pypi-mirror.modal.local:5555/simple/nvidia-nvjitlink/nvidia_nvjitlink-13.3.33-py3-none-manylinux2010_x86_64.manylinux_2_12_x86_64.whl.metadata (1.8 kB)
Collecting nvidia-cufile==1.15.1.6.* (from cuda-toolkit[cublas,cudart,cufft,cufile,cupti,curand,cusolver,cusparse,nvjitlink,nvrtc,nvtx]==13.0.3; platform_system == "Linux"->torch)
  Downloading http://pypi-mirror.modal.local:5555/simple/nvidia-cufile/nvidia_cufile-1.15.1.6-py3-none-manylinux2014_x86_64.manylinux_2_17_x86_64.whl.metadata (1.7 kB)
Collecting nvidia-cuda-cupti==13.0.85.* (from cuda-toolkit[cublas,cudart,cufft,cufile,cupti,curand,cusolver,cusparse,nvjitlink,nvrtc,nvtx]==13.0.3; platform_system == "Linux"->torch)
  Downloading http://pypi-mirror.modal.local:5555/simple/nvidia-cuda-cupti/nvidia_cuda_cupti-13.0.85-py3-none-manylinux_2_25_x86_64.whl.metadata (1.7 kB)
Collecting nvidia-curand==10.4.0.35.* (from cuda-toolkit[cublas,cudart,cufft,cufile,cupti,curand,cusolver,cusparse,nvjitlink,nvrtc,nvtx]==13.0.3; platform_system == "Linux"->torch)
  Downloading http://pypi-mirror.modal.local:5555/simple/nvidia-curand/nvidia_curand-10.4.0.35-py3-none-manylinux_2_27_x86_64.whl.metadata (1.7 kB)
Collecting nvidia-cusolver==12.0.4.66.* (from cuda-toolkit[cublas,cudart,cufft,cufile,cupti,curand,cusolver,cusparse,nvjitlink,nvrtc,nvtx]==13.0.3; platform_system == "Linux"->torch)
  Downloading http://pypi-mirror.modal.local:5555/simple/nvidia-cusolver/nvidia_cusolver-12.0.4.66-py3-none-manylinux_2_27_x86_64.whl.metadata (1.8 kB)
Collecting nvidia-cusparse==12.6.3.3.* (from cuda-toolkit[cublas,cudart,cufft,cufile,cupti,curand,cusolver,cusparse,nvjitlink,nvrtc,nvtx]==13.0.3; platform_system == "Linux"->torch)
  Downloading http://pypi-mirror.modal.local:5555/simple/nvidia-cusparse/nvidia_cusparse-12.6.3.3-py3-none-manylinux2014_x86_64.manylinux_2_17_x86_64.whl.metadata (1.8 kB)
Collecting nvidia-nvtx==13.0.85.* (from cuda-toolkit[cublas,cudart,cufft,cufile,cupti,curand,cusolver,cusparse,nvjitlink,nvrtc,nvtx]==13.0.3; platform_system == "Linux"->torch)
  Downloading http://pypi-mirror.modal.local:5555/simple/nvidia-nvtx/nvidia_nvtx-13.0.85-py3-none-manylinux1_x86_64.manylinux_2_5_x86_64.whl.metadata (1.8 kB)
Collecting cuda-pathfinder>=1.4.2 (from cuda-bindings<14,>=13.0.3->torch)
  Downloading http://pypi-mirror.modal.local:5555/simple/cuda-pathfinder/cuda_pathfinder-1.6.0-py3-none-any.whl.metadata (1.9 kB)
Collecting regex>=2025.10.22 (from transformers)
  Downloading http://pypi-mirror.modal.local:5555/simple/regex/regex-2026.7.19-cp311-cp311-manylinux2014_x86_64.manylinux_2_17_x86_64.manylinux_2_28_x86_64.whl.metadata (40 kB)
Collecting tokenizers<=0.23.0,>=0.22.0 (from transformers)
  Downloading http://pypi-mirror.modal.local:5555/simple/tokenizers/tokenizers-0.22.2-cp39-abi3-manylinux_2_17_x86_64.manylinux2014_x86_64.whl.metadata (7.3 kB)
Collecting typer (from transformers)
  Downloading http://pypi-mirror.modal.local:5555/simple/typer/typer-0.27.1-py3-none-any.whl.metadata (16 kB)
Collecting aiohappyeyeballs>=2.5.0 (from aiohttp!=4.0.0a0,!=4.0.0a1->fsspec[http]<=2026.6.0,>=2023.1.0->datasets)
  Downloading http://pypi-mirror.modal.local:5555/simple/aiohappyeyeballs/aiohappyeyeballs-2.7.1-py3-none-any.whl.metadata (5.9 kB)
Collecting aiosignal>=1.4.0 (from aiohttp!=4.0.0a0,!=4.0.0a1->fsspec[http]<=2026.6.0,>=2023.1.0->datasets)
  Downloading http://pypi-mirror.modal.local:5555/simple/aiosignal/aiosignal-1.4.0-py3-none-any.whl.metadata (3.7 kB)
Collecting attrs>=17.3.0 (from aiohttp!=4.0.0a0,!=4.0.0a1->fsspec[http]<=2026.6.0,>=2023.1.0->datasets)
  Downloading http://pypi-mirror.modal.local:5555/simple/attrs/attrs-26.1.0-py3-none-any.whl.metadata (8.8 kB)
Collecting frozenlist>=1.1.1 (from aiohttp!=4.0.0a0,!=4.0.0a1->fsspec[http]<=2026.6.0,>=2023.1.0->datasets)
  Downloading http://pypi-mirror.modal.local:5555/simple/frozenlist/frozenlist-1.8.0-cp311-cp311-manylinux1_x86_64.manylinux_2_28_x86_64.manylinux_2_5_x86_64.whl.metadata (20 kB)
Collecting multidict<7.0,>=4.5 (from aiohttp!=4.0.0a0,!=4.0.0a1->fsspec[http]<=2026.6.0,>=2023.1.0->datasets)
  Downloading http://pypi-mirror.modal.local:5555/simple/multidict/multidict-6.7.1-cp311-cp311-manylinux2014_x86_64.manylinux_2_17_x86_64.manylinux_2_28_x86_64.whl.metadata (5.3 kB)
Collecting propcache>=0.2.0 (from aiohttp!=4.0.0a0,!=4.0.0a1->fsspec[http]<=2026.6.0,>=2023.1.0->datasets)
  Downloading http://pypi-mirror.modal.local:5555/simple/propcache/propcache-0.5.2-cp311-cp311-manylinux2014_x86_64.manylinux_2_17_x86_64.manylinux_2_28_x86_64.whl.metadata (16 kB)
Collecting yarl<2.0,>=1.17.0 (from aiohttp!=4.0.0a0,!=4.0.0a1->fsspec[http]<=2026.6.0,>=2023.1.0->datasets)
  Downloading http://pypi-mirror.modal.local:5555/simple/yarl/yarl-1.24.5-cp311-cp311-manylinux2014_x86_64.manylinux_2_17_x86_64.manylinux_2_28_x86_64.whl.metadata (103 kB)
Collecting charset_normalizer<4,>=2 (from requests>=2.32.2->datasets)
  Downloading http://pypi-mirror.modal.local:5555/simple/charset-normalizer/charset_normalizer-3.4.9-cp311-cp311-manylinux2014_x86_64.manylinux_2_17_x86_64.manylinux_2_28_x86_64.whl.metadata (41 kB)
Collecting urllib3<3,>=1.26 (from requests>=2.32.2->datasets)
  Downloading http://pypi-mirror.modal.local:5555/simple/urllib3/urllib3-2.7.0-py3-none-any.whl.metadata (6.9 kB)
Collecting mpmath<1.4,>=1.1.0 (from sympy->latex2sympy2_extended==1.11.0->math_verify)
  Downloading http://pypi-mirror.modal.local:5555/simple/mpmath/mpmath-1.3.0-py3-none-any.whl.metadata (8.6 kB)
Collecting MarkupSafe>=2.0 (from jinja2->torch)
  Downloading http://pypi-mirror.modal.local:5555/simple/markupsafe/markupsafe-3.0.3-cp311-cp311-manylinux2014_x86_64.manylinux_2_17_x86_64.manylinux_2_28_x86_64.whl.metadata (2.7 kB)
Collecting python-dateutil>=2.8.2 (from pandas->datasets)
  Downloading http://pypi-mirror.modal.local:5555/simple/python-dateutil/python_dateutil-2.9.0.post0-py2.py3-none-any.whl.metadata (8.4 kB)
Collecting six>=1.5 (from python-dateutil>=2.8.2->pandas->datasets)
  Downloading http://pypi-mirror.modal.local:5555/simple/six/six-1.17.0-py2.py3-none-any.whl.metadata (1.7 kB)
Collecting shellingham>=1.3.0 (from typer->transformers)
  Downloading http://pypi-mirror.modal.local:5555/simple/shellingham/shellingham-1.5.4-py2.py3-none-any.whl.metadata (3.5 kB)
Collecting rich>=13.8.0 (from typer->transformers)
  Downloading http://pypi-mirror.modal.local:5555/simple/rich/rich-15.0.0-py3-none-any.whl.metadata (18 kB)
Collecting annotated-doc>=0.0.2 (from typer->transformers)
  Downloading http://pypi-mirror.modal.local:5555/simple/annotated-doc/annotated_doc-0.0.5-py3-none-any.whl.metadata (6.5 kB)
Collecting markdown-it-py>=2.2.0 (from rich>=13.8.0->typer->transformers)
  Downloading http://pypi-mirror.modal.local:5555/simple/markdown-it-py/markdown_it_py-4.2.0-py3-none-any.whl.metadata (7.4 kB)
Collecting pygments<3.0.0,>=2.13.0 (from rich>=13.8.0->typer->transformers)
  Downloading http://pypi-mirror.modal.local:5555/simple/pygments/pygments-2.20.0-py3-none-any.whl.metadata (2.5 kB)
Collecting mdurl~=0.1 (from markdown-it-py>=2.2.0->rich>=13.8.0->typer->transformers)
  Downloading http://pypi-mirror.modal.local:5555/simple/mdurl/mdurl-0.1.2-py3-none-any.whl.metadata (1.6 kB)
Downloading http://pypi-mirror.modal.local:5555/simple/accelerate/accelerate-1.14.0-py3-none-any.whl (389 kB)
Downloading http://pypi-mirror.modal.local:5555/simple/datasets/datasets-5.0.1-py3-none-any.whl (559 kB)
   ━━━━━━━━━━━━━━━━━━━━━━━━━━━━━━━━━━━━━━━━ 559.1/559.1 kB 728.9 MB/s  0:00:00
Downloading http://pypi-mirror.modal.local:5555/simple/dill/dill-0.4.1-py3-none-any.whl (120 kB)
Downloading http://pypi-mirror.modal.local:5555/simple/fsspec/fsspec-2026.6.0-py3-none-any.whl (203 kB)
Downloading http://pypi-mirror.modal.local:5555/simple/httpx/httpx-0.28.1-py3-none-any.whl (73 kB)
Downloading http://pypi-mirror.modal.local:5555/simple/httpcore/httpcore-1.0.9-py3-none-any.whl (78 kB)
Downloading http://pypi-mirror.modal.local:5555/simple/huggingface-hub/huggingface_hub-1.27.0-py3-none-any.whl (784 kB)
   ━━━━━━━━━━━━━━━━━━━━━━━━━━━━━━━━━━━━━━━━ 784.9/784.9 kB 955.1 MB/s  0:00:00
Downloading http://pypi-mirror.modal.local:5555/simple/click/click-8.4.2-py3-none-any.whl (119 kB)
Downloading http://pypi-mirror.modal.local:5555/simple/hf-xet/hf_xet-1.6.0-cp38-abi3-manylinux2014_x86_64.manylinux_2_17_x86_64.whl (4.5 MB)
   ━━━━━━━━━━━━━━━━━━━━━━━━━━━━━━━━━━━━━━━━ 4.5/4.5 MB 528.7 MB/s  0:00:00
Downloading http://pypi-mirror.modal.local:5555/simple/multiprocess/multiprocess-0.70.19-py311-none-any.whl (144 kB)
Downloading http://pypi-mirror.modal.local:5555/simple/math-verify/math_verify-0.9.0-py3-none-any.whl (29 kB)
Downloading http://pypi-mirror.modal.local:5555/simple/latex2sympy2-extended/latex2sympy2_extended-1.11.0-py3-none-any.whl (209 kB)
Downloading http://pypi-mirror.modal.local:5555/simple/antlr4-python3-runtime/antlr4_python3_runtime-4.13.2-py3-none-any.whl (144 kB)
Downloading http://pypi-mirror.modal.local:5555/simple/torch/torch-2.13.0-cp311-cp311-manylinux_2_28_x86_64.whl (526.6 MB)
   ━━━━━━━━━━━━━━━━━━━━━━━━━━━━━━━━━━━━━━━━ 526.6/526.6 MB 466.5 MB/s  0:00:01
Downloading http://pypi-mirror.modal.local:5555/simple/cuda-toolkit/cuda_toolkit-13.0.3.0-py2.py3-none-any.whl (2.5 kB)
Downloading http://pypi-mirror.modal.local:5555/simple/nvidia-cudnn-cu13/nvidia_cudnn_cu13-9.20.0.48-py3-none-manylinux_2_27_x86_64.whl (366.2 MB)
   ━━━━━━━━━━━━━━━━━━━━━━━━━━━━━━━━━━━━━━━━ 366.2/366.2 MB 473.9 MB/s  0:00:00
Downloading http://pypi-mirror.modal.local:5555/simple/nvidia-cusparselt-cu13/nvidia_cusparselt_cu13-0.8.1-py3-none-manylinux2014_x86_64.whl (170.1 MB)
   ━━━━━━━━━━━━━━━━━━━━━━━━━━━━━━━━━━━━━━━━ 170.1/170.1 MB 464.4 MB/s  0:00:00
Downloading http://pypi-mirror.modal.local:5555/simple/nvidia-nccl-cu13/nvidia_nccl_cu13-2.29.7-py3-none-manylinux_2_18_x86_64.whl (206.0 MB)
   ━━━━━━━━━━━━━━━━━━━━━━━━━━━━━━━━━━━━━━━━ 206.0/206.0 MB 487.4 MB/s  0:00:00
Downloading http://pypi-mirror.modal.local:5555/simple/nvidia-nvshmem-cu13/nvidia_nvshmem_cu13-3.4.5-py3-none-manylinux2014_x86_64.manylinux_2_17_x86_64.whl (60.4 MB)
   ━━━━━━━━━━━━━━━━━━━━━━━━━━━━━━━━━━━━━━━━ 60.4/60.4 MB 496.1 MB/s  0:00:00
Downloading http://pypi-mirror.modal.local:5555/simple/triton/triton-3.7.1-cp311-cp311-manylinux_2_27_x86_64.manylinux_2_28_x86_64.whl (197.7 MB)
   ━━━━━━━━━━━━━━━━━━━━━━━━━━━━━━━━━━━━━━━━ 197.7/197.7 MB 472.9 MB/s  0:00:00
Downloading http://pypi-mirror.modal.local:5555/simple/cuda-bindings/cuda_bindings-13.3.1-cp311-cp311-manylinux_2_24_x86_64.manylinux_2_28_x86_64.whl (6.7 MB)
   ━━━━━━━━━━━━━━━━━━━━━━━━━━━━━━━━━━━━━━━━ 6.7/6.7 MB 493.8 MB/s  0:00:00
Downloading http://pypi-mirror.modal.local:5555/simple/nvidia-cublas/nvidia_cublas-13.1.1.3-py3-none-manylinux_2_27_x86_64.whl (423.1 MB)
   ━━━━━━━━━━━━━━━━━━━━━━━━━━━━━━━━━━━━━━━━ 423.1/423.1 MB 477.5 MB/s  0:00:00
Downloading http://pypi-mirror.modal.local:5555/simple/nvidia-cuda-cupti/nvidia_cuda_cupti-13.0.85-py3-none-manylinux_2_25_x86_64.whl (10.7 MB)
   ━━━━━━━━━━━━━━━━━━━━━━━━━━━━━━━━━━━━━━━━ 10.7/10.7 MB 512.7 MB/s  0:00:00
Downloading http://pypi-mirror.modal.local:5555/simple/nvidia-cuda-nvrtc/nvidia_cuda_nvrtc-13.0.88-py3-none-manylinux2010_x86_64.manylinux_2_12_x86_64.whl (90.2 MB)
   ━━━━━━━━━━━━━━━━━━━━━━━━━━━━━━━━━━━━━━━━ 90.2/90.2 MB 466.7 MB/s  0:00:00
Downloading http://pypi-mirror.modal.local:5555/simple/nvidia-cuda-runtime/nvidia_cuda_runtime-13.0.96-py3-none-manylinux2014_x86_64.manylinux_2_17_x86_64.whl (2.2 MB)
   ━━━━━━━━━━━━━━━━━━━━━━━━━━━━━━━━━━━━━━━━ 2.2/2.2 MB 527.1 MB/s  0:00:00
Downloading http://pypi-mirror.modal.local:5555/simple/nvidia-cufft/nvidia_cufft-12.0.0.61-py3-none-manylinux2014_x86_64.manylinux_2_17_x86_64.whl (214.1 MB)
   ━━━━━━━━━━━━━━━━━━━━━━━━━━━━━━━━━━━━━━━━ 214.1/214.1 MB 468.7 MB/s  0:00:00
Downloading http://pypi-mirror.modal.local:5555/simple/nvidia-cufile/nvidia_cufile-1.15.1.6-py3-none-manylinux2014_x86_64.manylinux_2_17_x86_64.whl (1.2 MB)
   ━━━━━━━━━━━━━━━━━━━━━━━━━━━━━━━━━━━━━━━━ 1.2/1.2 MB 658.7 MB/s  0:00:00
Downloading http://pypi-mirror.modal.local:5555/simple/nvidia-curand/nvidia_curand-10.4.0.35-py3-none-manylinux_2_27_x86_64.whl (59.5 MB)
   ━━━━━━━━━━━━━━━━━━━━━━━━━━━━━━━━━━━━━━━━ 59.5/59.5 MB 470.2 MB/s  0:00:00
Downloading http://pypi-mirror.modal.local:5555/simple/nvidia-cusolver/nvidia_cusolver-12.0.4.66-py3-none-manylinux_2_27_x86_64.whl (200.9 MB)
   ━━━━━━━━━━━━━━━━━━━━━━━━━━━━━━━━━━━━━━━━ 200.9/200.9 MB 461.8 MB/s  0:00:00
Downloading http://pypi-mirror.modal.local:5555/simple/nvidia-cusparse/nvidia_cusparse-12.6.3.3-py3-none-manylinux2014_x86_64.manylinux_2_17_x86_64.whl (145.9 MB)
   ━━━━━━━━━━━━━━━━━━━━━━━━━━━━━━━━━━━━━━━━ 145.9/145.9 MB 471.1 MB/s  0:00:00
Downloading http://pypi-mirror.modal.local:5555/simple/nvidia-nvjitlink/nvidia_nvjitlink-13.3.33-py3-none-manylinux2010_x86_64.manylinux_2_12_x86_64.whl (40.7 MB)
   ━━━━━━━━━━━━━━━━━━━━━━━━━━━━━━━━━━━━━━━━ 40.7/40.7 MB 469.1 MB/s  0:00:00
Downloading http://pypi-mirror.modal.local:5555/simple/nvidia-nvtx/nvidia_nvtx-13.0.85-py3-none-manylinux1_x86_64.manylinux_2_5_x86_64.whl (148 kB)
Downloading http://pypi-mirror.modal.local:5555/simple/transformers/transformers-5.15.0-py3-none-any.whl (11.7 MB)
   ━━━━━━━━━━━━━━━━━━━━━━━━━━━━━━━━━━━━━━━━ 11.7/11.7 MB 160.7 MB/s  0:00:00
Downloading http://pypi-mirror.modal.local:5555/simple/tokenizers/tokenizers-0.22.2-cp39-abi3-manylinux_2_17_x86_64.manylinux2014_x86_64.whl (3.3 MB)
   ━━━━━━━━━━━━━━━━━━━━━━━━━━━━━━━━━━━━━━━━ 3.3/3.3 MB 585.3 MB/s  0:00:00
Downloading http://pypi-mirror.modal.local:5555/simple/aiohttp/aiohttp-3.14.3-cp311-cp311-manylinux2014_x86_64.manylinux_2_17_x86_64.manylinux_2_28_x86_64.whl (1.8 MB)
   ━━━━━━━━━━━━━━━━━━━━━━━━━━━━━━━━━━━━━━━━ 1.8/1.8 MB 592.1 MB/s  0:00:00
Downloading http://pypi-mirror.modal.local:5555/simple/multidict/multidict-6.7.1-cp311-cp311-manylinux2014_x86_64.manylinux_2_17_x86_64.manylinux_2_28_x86_64.whl (246 kB)
Downloading http://pypi-mirror.modal.local:5555/simple/yarl/yarl-1.24.5-cp311-cp311-manylinux2014_x86_64.manylinux_2_17_x86_64.manylinux_2_28_x86_64.whl (111 kB)
Downloading http://pypi-mirror.modal.local:5555/simple/aiohappyeyeballs/aiohappyeyeballs-2.7.1-py3-none-any.whl (15 kB)
Downloading http://pypi-mirror.modal.local:5555/simple/aiosignal/aiosignal-1.4.0-py3-none-any.whl (7.5 kB)
Downloading http://pypi-mirror.modal.local:5555/simple/attrs/attrs-26.1.0-py3-none-any.whl (67 kB)
Downloading http://pypi-mirror.modal.local:5555/simple/cuda-pathfinder/cuda_pathfinder-1.6.0-py3-none-any.whl (54 kB)
Downloading http://pypi-mirror.modal.local:5555/simple/filelock/filelock-3.32.2-py3-none-any.whl (98 kB)
Downloading http://pypi-mirror.modal.local:5555/simple/frozenlist/frozenlist-1.8.0-cp311-cp311-manylinux1_x86_64.manylinux_2_28_x86_64.manylinux_2_5_x86_64.whl (231 kB)
Downloading http://pypi-mirror.modal.local:5555/simple/h11/h11-0.16.0-py3-none-any.whl (37 kB)
Downloading http://pypi-mirror.modal.local:5555/simple/idna/idna-3.18-py3-none-any.whl (65 kB)
Downloading http://pypi-mirror.modal.local:5555/simple/networkx/networkx-3.6.1-py3-none-any.whl (2.1 MB)
   ━━━━━━━━━━━━━━━━━━━━━━━━━━━━━━━━━━━━━━━━ 2.1/2.1 MB 467.3 MB/s  0:00:00
Downloading http://pypi-mirror.modal.local:5555/simple/numpy/numpy-2.4.6-cp311-cp311-manylinux_2_27_x86_64.manylinux_2_28_x86_64.whl (16.9 MB)
   ━━━━━━━━━━━━━━━━━━━━━━━━━━━━━━━━━━━━━━━━ 16.9/16.9 MB 450.0 MB/s  0:00:00
Downloading http://pypi-mirror.modal.local:5555/simple/packaging/packaging-26.3-py3-none-any.whl (129 kB)
Downloading http://pypi-mirror.modal.local:5555/simple/propcache/propcache-0.5.2-cp311-cp311-manylinux2014_x86_64.manylinux_2_17_x86_64.manylinux_2_28_x86_64.whl (58 kB)
Downloading http://pypi-mirror.modal.local:5555/simple/pyarrow/pyarrow-25.0.1-cp311-cp311-manylinux_2_28_x86_64.whl (50.1 MB)
   ━━━━━━━━━━━━━━━━━━━━━━━━━━━━━━━━━━━━━━━━ 50.1/50.1 MB 74.4 MB/s  0:00:00
Downloading http://pypi-mirror.modal.local:5555/simple/pyyaml/pyyaml-6.0.3-cp311-cp311-manylinux2014_x86_64.manylinux_2_17_x86_64.manylinux_2_28_x86_64.whl (806 kB)
   ━━━━━━━━━━━━━━━━━━━━━━━━━━━━━━━━━━━━━━━━ 806.6/806.6 kB 884.6 MB/s  0:00:00
Downloading http://pypi-mirror.modal.local:5555/simple/regex/regex-2026.7.19-cp311-cp311-manylinux2014_x86_64.manylinux_2_17_x86_64.manylinux_2_28_x86_64.whl (801 kB)
   ━━━━━━━━━━━━━━━━━━━━━━━━━━━━━━━━━━━━━━━━ 801.4/801.4 kB 958.8 MB/s  0:00:00
Downloading http://pypi-mirror.modal.local:5555/simple/requests/requests-2.34.2-py3-none-any.whl (73 kB)
Downloading http://pypi-mirror.modal.local:5555/simple/charset-normalizer/charset_normalizer-3.4.9-cp311-cp311-manylinux2014_x86_64.manylinux_2_17_x86_64.manylinux_2_28_x86_64.whl (221 kB)
Downloading http://pypi-mirror.modal.local:5555/simple/urllib3/urllib3-2.7.0-py3-none-any.whl (131 kB)
Downloading http://pypi-mirror.modal.local:5555/simple/certifi/certifi-2026.7.22-py3-none-any.whl (136 kB)
Downloading http://pypi-mirror.modal.local:5555/simple/safetensors/safetensors-0.8.0-cp310-abi3-manylinux_2_17_x86_64.manylinux2014_x86_64.whl (516 kB)
Downloading http://pypi-mirror.modal.local:5555/simple/setuptools/setuptools-84.0.0-py3-none-any.whl (818 kB)
   ━━━━━━━━━━━━━━━━━━━━━━━━━━━━━━━━━━━━━━━━ 818.2/818.2 kB 612.9 MB/s  0:00:00
Downloading http://pypi-mirror.modal.local:5555/simple/sympy/sympy-1.14.0-py3-none-any.whl (6.3 MB)
   ━━━━━━━━━━━━━━━━━━━━━━━━━━━━━━━━━━━━━━━━ 6.3/6.3 MB 479.9 MB/s  0:00:00
Downloading http://pypi-mirror.modal.local:5555/simple/mpmath/mpmath-1.3.0-py3-none-any.whl (536 kB)
   ━━━━━━━━━━━━━━━━━━━━━━━━━━━━━━━━━━━━━━━━ 536.2/536.2 kB 804.3 MB/s  0:00:00
Downloading http://pypi-mirror.modal.local:5555/simple/tqdm/tqdm-4.70.0-py3-none-any.whl (80 kB)
Downloading http://pypi-mirror.modal.local:5555/simple/typing-extensions/typing_extensions-4.16.0-py3-none-any.whl (45 kB)
Downloading http://pypi-mirror.modal.local:5555/simple/anyio/anyio-4.14.2-py3-none-any.whl (125 kB)
Downloading http://pypi-mirror.modal.local:5555/simple/jinja2/jinja2-3.1.6-py3-none-any.whl (134 kB)
Downloading http://pypi-mirror.modal.local:5555/simple/markupsafe/markupsafe-3.0.3-cp311-cp311-manylinux2014_x86_64.manylinux_2_17_x86_64.manylinux_2_28_x86_64.whl (22 kB)
Downloading http://pypi-mirror.modal.local:5555/simple/pandas/pandas-3.0.5-cp311-cp311-manylinux_2_24_x86_64.manylinux_2_28_x86_64.whl (11.3 MB)
   ━━━━━━━━━━━━━━━━━━━━━━━━━━━━━━━━━━━━━━━━ 11.3/11.3 MB 480.3 MB/s  0:00:00
Downloading http://pypi-mirror.modal.local:5555/simple/python-dateutil/python_dateutil-2.9.0.post0-py2.py3-none-any.whl (229 kB)
Downloading http://pypi-mirror.modal.local:5555/simple/six/six-1.17.0-py2.py3-none-any.whl (11 kB)
Downloading http://pypi-mirror.modal.local:5555/simple/psutil/psutil-7.2.2-cp36-abi3-manylinux2010_x86_64.manylinux_2_12_x86_64.manylinux_2_28_x86_64.whl (155 kB)
Downloading http://pypi-mirror.modal.local:5555/simple/typer/typer-0.27.1-py3-none-any.whl (122 kB)
Downloading http://pypi-mirror.modal.local:5555/simple/annotated-doc/annotated_doc-0.0.5-py3-none-any.whl (5.3 kB)
Downloading http://pypi-mirror.modal.local:5555/simple/rich/rich-15.0.0-py3-none-any.whl (310 kB)
Downloading http://pypi-mirror.modal.local:5555/simple/pygments/pygments-2.20.0-py3-none-any.whl (1.2 MB)
   ━━━━━━━━━━━━━━━━━━━━━━━━━━━━━━━━━━━━━━━━ 1.2/1.2 MB 574.9 MB/s  0:00:00
Downloading http://pypi-mirror.modal.local:5555/simple/markdown-it-py/markdown_it_py-4.2.0-py3-none-any.whl (91 kB)
Downloading http://pypi-mirror.modal.local:5555/simple/mdurl/mdurl-0.1.2-py3-none-any.whl (10.0 kB)
Downloading http://pypi-mirror.modal.local:5555/simple/shellingham/shellingham-1.5.4-py2.py3-none-any.whl (9.8 kB)
Downloading http://pypi-mirror.modal.local:5555/simple/xxhash/xxhash-3.8.1-cp311-cp311-manylinux2014_x86_64.manylinux_2_17_x86_64.manylinux_2_28_x86_64.whl (220 kB)
Installing collected packages: nvidia-cusparselt-cu13, mpmath, cuda-toolkit, antlr4-python3-runtime, xxhash, urllib3, typing-extensions, triton, tqdm, sympy, six, shellingham, setuptools, safetensors, regex, pyyaml, pygments, pyarrow, psutil, propcache, packaging, nvidia-nvtx, nvidia-nvshmem-cu13, nvidia-nvjitlink, nvidia-nccl-cu13, nvidia-curand, nvidia-cufile, nvidia-cuda-runtime, nvidia-cuda-nvrtc, nvidia-cuda-cupti, numpy, networkx, multidict, mdurl, MarkupSafe, idna, hf-xet, h11, fsspec, frozenlist, filelock, dill, cuda-pathfinder, click, charset_normalizer, certifi, attrs, annotated-doc, aiohappyeyeballs, yarl, requests, python-dateutil, nvidia-cusparse, nvidia-cufft, nvidia-cublas, multiprocess, markdown-it-py, latex2sympy2_extended, jinja2, httpcore, cuda-bindings, anyio, aiosignal, rich, pandas, nvidia-cusolver, nvidia-cudnn-cu13, math_verify, httpx, aiohttp, typer, huggingface_hub, torch, tokenizers, datasets, transformers, accelerate
  Attempting uninstall: setuptools
    Found existing installation: setuptools 65.5.1
    Uninstalling setuptools-65.5.1:
      Successfully uninstalled setuptools-65.5.1

Successfully installed MarkupSafe-3.0.3 accelerate-1.14.0 aiohappyeyeballs-2.7.1 aiohttp-3.14.3 aiosignal-1.4.0 annotated-doc-0.0.5 antlr4-python3-runtime-4.13.2 anyio-4.14.2 attrs-26.1.0 certifi-2026.7.22 charset_normalizer-3.4.9 click-8.4.2 cuda-bindings-13.3.1 cuda-pathfinder-1.6.0 cuda-toolkit-13.0.3.0 datasets-5.0.1 dill-0.4.1 filelock-3.32.2 frozenlist-1.8.0 fsspec-2026.6.0 h11-0.16.0 hf-xet-1.6.0 httpcore-1.0.9 httpx-0.28.1 huggingface_hub-1.27.0 idna-3.18 jinja2-3.1.6 latex2sympy2_extended-1.11.0 markdown-it-py-4.2.0 math_verify-0.9.0 mdurl-0.1.2 mpmath-1.3.0 multidict-6.7.1 multiprocess-0.70.19 networkx-3.6.1 numpy-2.4.6 nvidia-cublas-13.1.1.3 nvidia-cuda-cupti-13.0.85 nvidia-cuda-nvrtc-13.0.88 nvidia-cuda-runtime-13.0.96 nvidia-cudnn-cu13-9.20.0.48 nvidia-cufft-12.0.0.61 nvidia-cufile-1.15.1.6 nvidia-curand-10.4.0.35 nvidia-cusolver-12.0.4.66 nvidia-cusparse-12.6.3.3 nvidia-cusparselt-cu13-0.8.1 nvidia-nccl-cu13-2.29.7 nvidia-nvjitlink-13.3.33 nvidia-nvshmem-cu13-3.4.5 nvidia-nvtx-13.0.85 packaging-26.3 pandas-3.0.5 propcache-0.5.2 psutil-7.2.2 pyarrow-25.0.1 pygments-2.20.0 python-dateutil-2.9.0.post0 pyyaml-6.0.3 regex-2026.7.19 requests-2.34.2 rich-15.0.0 safetensors-0.8.0 setuptools-84.0.0 shellingham-1.5.4 six-1.17.0 sympy-1.14.0 tokenizers-0.22.2 torch-2.13.0 tqdm-4.70.0 transformers-5.15.0 triton-3.7.1 typer-0.27.1 typing-extensions-4.16.0 urllib3-2.7.0 xxhash-3.8.1 yarl-1.24.5

[notice] A new release of pip is available: 25.2 -> 26.2.1
[notice] To update, run: pip install --upgrade pip
Saving image...
Image saved, took 3.92s

Built image im-HKJuOy8OPrOvwXamYN7mhc in 62.63s


✓ Created objects.
├── 🔨 Created mount /home/pradheep/Documents/q0/modal_run.py
├── 🔨 Created mount eval.py
├── 🔨 Created mount train_grpo.py
└── 🔨 Created function train_and_eval.
step 8/128 lr 4.963e-06 reward 0.044
pass 1/4 step 9/128 lr 4.951e-06 reward 0.062
pass 1/4 step 10/128 lr 4.938e-06 reward 0.046
pass 1/4 step 11/128 lr 4.924e-06 reward 0.043
pass 1/4 step 12/128 lr 4.908e-06 reward 0.067
pass 1/4 step 13/128 lr 4.891e-06 reward 0.055
pass 1/4 step 14/128 lr 4.872e-06 reward 0.071
pass 1/4 step 15/128 lr 4.852e-06 reward 0.043
pass 1/4 step 16/128 lr 4.830e-06 reward 0.052
pass 1/4 step 17/128 lr 4.807e-06 reward 0.060
pass 1/4 step 18/128 lr 4.782e-06 reward 0.050
pass 1/4 step 19/128 lr 4.756e-06 reward 0.050
pass 1/4 step 20/128 lr 4.729e-06 reward 0.039
pass 1/4 step 21/128 lr 4.700e-06 reward 0.060
pass 1/4 step 22/128 lr 4.670e-06 reward 0.048
pass 1/4 step 23/128 lr 4.639e-06 reward 0.041
pass 1/4 step 24/128 lr 4.606e-06 reward 0.039
pass 1/4 step 25/128 lr 4.572e-06 reward 0.067
pass 1/4 step 26/128 lr 4.537e-06 reward 0.067
pass 1/4 step 27/128 lr 4.501e-06 reward 0.045
pass 1/4 step 28/128 lr 4.463e-06 reward 0.045
pass 1/4 step 29/128 lr 4.424e-06 reward 0.048
pass 1/4 step 30/128 lr 4.384e-06 reward 0.047
pass 1/4 step 31/128 lr 4.343e-06 reward 0.049
pass 1/4 step 32/128 lr 4.300e-06 reward 0.037
saved pass 1 checkpoint to /outputs/grpo_baseline/pass_01.pt
pass 2/4 step 33/128 lr 4.257e-06 reward 0.048
pass 2/4 step 34/128 lr 4.212e-06 reward 0.048
pass 2/4 step 35/128 lr 4.167e-06 reward 0.068
pass 2/4 step 36/128 lr 4.120e-06 reward 0.054
pass 2/4 step 37/128 lr 4.072e-06 reward 0.044
pass 2/4 step 38/128 lr 4.024e-06 reward 0.052
pass 2/4 step 39/128 lr 3.974e-06 reward 0.052
pass 2/4 step 40/128 lr 3.924e-06 reward 0.050
pass 2/4 step 41/128 lr 3.873e-06 reward 0.057
pass 2/4 step 42/128 lr 3.821e-06 reward 0.051
pass 2/4 step 43/128 lr 3.768e-06 reward 0.058
pass 2/4 step 44/128 lr 3.714e-06 reward 0.038
pass 2/4 step 45/128 lr 3.660e-06 reward 0.058
pass 2/4 step 46/128 lr 3.605e-06 reward 0.048
pass 2/4 step 47/128 lr 3.549e-06 reward 0.053
pass 2/4 step 48/128 lr 3.492e-06 reward 0.042
pass 2/4 step 49/128 lr 3.435e-06 reward 0.052
pass 2/4 step 50/128 lr 3.378e-06 reward 0.049
pass 2/4 step 51/128 lr 3.319e-06 reward 0.053
pass 2/4 step 52/128 lr 3.261e-06 reward 0.057
pass 2/4 step 53/128 lr 3.202e-06 reward 0.064
pass 2/4 step 54/128 lr 3.142e-06 reward 0.056
pass 2/4 step 55/128 lr 3.082e-06 reward 0.050
pass 2/4 step 56/128 lr 3.022e-06 reward 0.052
pass 2/4 step 57/128 lr 2.961e-06 reward 0.058
pass 2/4 step 58/128 lr 2.900e-06 reward 0.048
pass 2/4 step 59/128 lr 2.839e-06 reward 0.048
pass 2/4 step 60/128 lr 2.778e-06 reward 0.061
pass 2/4 step 61/128 lr 2.716e-06 reward 0.048
pass 2/4 step 62/128 lr 2.655e-06 reward 0.068
pass 2/4 step 63/128 lr 2.593e-06 reward 0.052
pass 2/4 step 64/128 lr 2.531e-06 reward 0.050
saved pass 2 checkpoint to /outputs/grpo_baseline/pass_02.pt
pass 3/4 step 65/128 lr 2.469e-06 reward 0.055
pass 3/4 step 66/128 lr 2.407e-06 reward 0.059
pass 3/4 step 67/128 lr 2.345e-06 reward 0.067
pass 3/4 step 68/128 lr 2.284e-06 reward 0.068
pass 3/4 step 69/128 lr 2.222e-06 reward 0.041
pass 3/4 step 70/128 lr 2.161e-06 reward 0.048
pass 3/4 step 71/128 lr 2.100e-06 reward 0.062
pass 3/4 step 72/128 lr 2.039e-06 reward 0.048
pass 3/4 step 73/128 lr 1.978e-06 reward 0.046
pass 3/4 step 74/128 lr 1.918e-06 reward 0.050
pass 3/4 step 75/128 lr 1.858e-06 reward 0.054
pass 3/4 step 76/128 lr 1.798e-06 reward 0.055
pass 3/4 step 77/128 lr 1.739e-06 reward 0.061
pass 3/4 step 78/128 lr 1.681e-06 reward 0.055
pass 3/4 step 79/128 lr 1.622e-06 reward 0.054
pass 3/4 step 80/128 lr 1.565e-06 reward 0.049
pass 3/4 step 81/128 lr 1.508e-06 reward 0.048
pass 3/4 step 82/128 lr 1.451e-06 reward 0.048
pass 3/4 step 83/128 lr 1.395e-06 reward 0.052
pass 3/4 step 84/128 lr 1.340e-06 reward 0.064
pass 3/4 step 85/128 lr 1.286e-06 reward 0.054
pass 3/4 step 86/128 lr 1.232e-06 reward 0.057
pass 3/4 step 87/128 lr 1.179e-06 reward 0.054
pass 3/4 step 88/128 lr 1.127e-06 reward 0.051
pass 3/4 step 89/128 lr 1.076e-06 reward 0.045
pass 3/4 step 90/128 lr 1.026e-06 reward 0.055
pass 3/4 step 91/128 lr 9.761e-07 reward 0.061
pass 3/4 step 92/128 lr 9.275e-07 reward 0.045
pass 3/4 step 93/128 lr 8.799e-07 reward 0.060
pass 3/4 step 94/128 lr 8.333e-07 reward 0.057
pass 3/4 step 95/128 lr 7.877e-07 reward 0.050
pass 3/4 step 96/128 lr 7.432e-07 reward 0.054
saved pass 3 checkpoint to /outputs/grpo_baseline/pass_03.pt
pass 4/4 step 97/128 lr 6.997e-07 reward 0.056
pass 4/4 step 98/128 lr 6.574e-07 reward 0.054
pass 4/4 step 99/128 lr 6.162e-07 reward 0.061
pass 4/4 step 100/128 lr 5.761e-07 reward 0.054
pass 4/4 step 101/128 lr 5.372e-07 reward 0.049
pass 4/4 step 102/128 lr 4.995e-07 reward 0.057
pass 4/4 step 103/128 lr 4.630e-07 reward 0.054
pass 4/4 step 104/128 lr 4.278e-07 reward 0.046
pass 4/4 step 105/128 lr 3.938e-07 reward 0.063
pass 4/4 step 106/128 lr 3.612e-07 reward 0.059
pass 4/4 step 107/128 lr 3.298e-07 reward 0.055
pass 4/4 step 108/128 lr 2.998e-07 reward 0.046
pass 4/4 step 109/128 lr 2.711e-07 reward 0.067
pass 4/4 step 110/128 lr 2.438e-07 reward 0.050
pass 4/4 step 111/128 lr 2.178e-07 reward 0.057
pass 4/4 step 112/128 lr 1.933e-07 reward 0.047
pass 4/4 step 113/128 lr 1.701e-07 reward 0.053
pass 4/4 step 114/128 lr 1.484e-07 reward 0.055
pass 4/4 step 115/128 lr 1.282e-07 reward 0.050
pass 4/4 step 116/128 lr 1.093e-07 reward 0.057
pass 4/4 step 117/128 lr 9.198e-08 reward 0.044
pass 4/4 step 118/128 lr 7.610e-08 reward 0.061
pass 4/4 step 119/128 lr 6.170e-08 reward 0.068
pass 4/4 step 120/128 lr 4.879e-08 reward 0.064
pass 4/4 step 121/128 lr 3.739e-08 reward 0.054
pass 4/4 step 122/128 lr 2.749e-08 reward 0.066
pass 4/4 step 123/128 lr 1.910e-08 reward 0.068
pass 4/4 step 124/128 lr 1.223e-08 reward 0.061
pass 4/4 step 125/128 lr 6.881e-09 reward 0.052
pass 4/4 step 126/128 lr 3.059e-09 reward 0.057
pass 4/4 step 127/128 lr 7.649e-10 reward 0.054
pass 4/4 step 128/128 lr 0.000e+00 reward 0.054
saved pass 4 checkpoint to /outputs/grpo_baseline/pass_04.pt
training complete: 8192 prompts, 32768 completions

Warning: You are sending unauthenticated requests to the HF Hub. Please set a HF_TOKEN to enable higher rate limits and faster downloads.
[transformers] `torch_dtype` is deprecated! Use `dtype` instead!

[1ALoading weights:   0%|          | 0/272 [00:00<?, ?it/s]
[1ALoading weights:  49%|████▉     | 134/272 [00:00<00:00, 1336.92it/s]
[1ALoading weights: 100%|██████████| 272/272 [00:00<00:00, 1602.75it/s]

[1ALoading weights:   0%|          | 0/272 [00:00<?, ?it/s]
[1ALoading weights:  87%|████████▋ | 236/272 [00:00<00:00, 2359.29it/s]
[1ALoading weights: 100%|██████████| 272/272 [00:00<00:00, 2680.36it/s]

[1ALoading weights:   0%|          | 0/272 [00:00<?, ?it/s]
[1ALoading weights: 100%|██████████| 272/272 [00:00<00:00, 4303.00it/s]

[1ALoading weights:   0%|          | 0/272 [00:00<?, ?it/s]
[1ALoading weights: 100%|██████████| 272/272 [00:00<00:00, 4285.26it/s]

[1ALoading weights:   0%|          | 0/272 [00:00<?, ?it/s]
[1ALoading weights:  80%|███████▉  | 217/272 [00:00<00:00, 2147.74it/s]
[1ALoading weights: 100%|██████████| 272/272 [00:00<00:00, 2496.07it/s]

===== EVAL (same robust scorer for every model) =====
gsm8k test examples: 1319
base       exact_match=0.0083  parse_rate=0.4458  avg_len=81.4
pass_01    exact_match=0.0091  parse_rate=0.5019  avg_len=75.4
pass_02    exact_match=0.0083  parse_rate=0.5337  avg_len=72.3
pass_03    exact_match=0.0121  parse_rate=0.5542  avg_len=70.7
pass_04    exact_match=0.0083  parse_rate=0.5497  avg_len=71.1

reward curve: first=0.067  last=0.054  max=0.071  steps=128
Stopping app - local entrypoint completed.
✓ App completed. View run at 
https://modal.com/apps/mantissagithub/main/ap-UXMeaVouMV9frdXXVntS1t
