baseline_grpo: 16/500
baseline_grpo: 32/500
baseline_grpo: 48/500
baseline_grpo: 64/500
baseline_grpo: 80/500
baseline_grpo: 96/500
baseline_grpo: 112/500
baseline_grpo: 128/500
baseline_grpo: 144/500
baseline_grpo: 160/500
baseline_grpo: 176/500
baseline_grpo: 192/500
baseline_grpo: 208/500
baseline_grpo: 224/500
baseline_grpo: 240/500
baseline_grpo: 256/500
baseline_grpo: 272/500
baseline_grpo: 288/500
baseline_grpo: 304/500
baseline_grpo: 320/500
baseline_grpo: 336/500
baseline_grpo: 352/500
baseline_grpo: 368/500
baseline_grpo: 384/500
baseline_grpo: 400/500
baseline_grpo: 416/500
baseline_grpo: 432/500
baseline_grpo: 448/500
baseline_grpo: 464/500
baseline_grpo: 480/500
baseline_grpo: 496/500
baseline_grpo: 500/500
baseline_grpo: 5/500 = 0.0100
q0_best_single: 16/500
q0_best_single: 32/500
q0_best_single: 48/500
q0_best_single: 64/500
q0_best_single: 80/500
q0_best_single: 96/500
q0_best_single: 112/500
q0_best_single: 128/500
q0_best_single: 144/500
q0_best_single: 160/500
q0_best_single: 176/500
q0_best_single: 192/500
q0_best_single: 208/500
q0_best_single: 224/500
q0_best_single: 240/500
q0_best_single: 256/500
q0_best_single: 272/500
q0_best_single: 288/500
q0_best_single: 304/500
q0_best_single: 320/500
q0_best_single: 336/500
q0_best_single: 352/500
q0_best_single: 368/500
q0_best_single: 384/500
q0_best_single: 400/500
q0_best_single: 416/500
q0_best_single: 432/500
q0_best_single: 448/500
q0_best_single: 464/500
q0_best_single: 480/500
q0_best_single: 496/500
q0_best_single: 500/500
Timeout during comparison
q0_best_single: 5/500 = 0.0100
q0_learned_top4: 16/500
q0_learned_top4: 32/500
q0_learned_top4: 48/500
q0_learned_top4: 64/500
q0_learned_top4: 80/500
q0_learned_top4: 96/500
q0_learned_top4: 112/500
q0_learned_top4: 128/500
q0_learned_top4: 144/500
q0_learned_top4: 160/500
q0_learned_top4: 176/500
q0_learned_top4: 192/500
q0_learned_top4: 208/500
q0_learned_top4: 224/500
q0_learned_top4: 240/500
q0_learned_top4: 256/500
q0_learned_top4: 272/500
q0_learned_top4: 288/500
q0_learned_top4: 304/500
q0_learned_top4: 320/500
q0_learned_top4: 336/500
q0_learned_top4: 352/500
q0_learned_top4: 368/500
q0_learned_top4: 384/500
q0_learned_top4: 400/500
q0_learned_top4: 416/500
q0_learned_top4: 432/500
q0_learned_top4: 448/500
q0_learned_top4: 464/500
q0_learned_top4: 480/500
q0_learned_top4: 496/500
q0_learned_top4: 500/500
q0_learned_top4: 6/500 = 0.0120
mopd: 16/500
mopd: 32/500
mopd: 48/500
mopd: 64/500
mopd: 80/500
mopd: 96/500
mopd: 112/500
mopd: 128/500
mopd: 144/500
mopd: 160/500
mopd: 176/500
mopd: 192/500
mopd: 208/500
mopd: 224/500
mopd: 240/500
mopd: 256/500
mopd: 272/500
mopd: 288/500
mopd: 304/500
mopd: 320/500
mopd: 336/500
mopd: 352/500
mopd: 368/500
mopd: 384/500
mopd: 400/500
mopd: 416/500
mopd: 432/500
mopd: 448/500
mopd: 464/500
mopd: 480/500
mopd: 496/500
mopd: 500/500
Timeout during comparison
mopd: 6/500 = 0.0120
wrote math500_results.json and math500_predictions.jsonl
